[abdullahbozdag.com/index.html]
[backblue.gif]
[fade.gif]
[index.html]
[abdullahbozdag.com/cdn-cgi/apps/head/wrQoxIyL5ifxKyKUjLoTwmpG2vg.js]
[cdn.materialdesignicons.com/3.0.39/css/materialdesignicons.min.css]
[abdullahbozdag.com/favicon-32x320d00.png]
[abdullahbozdag.com/icons/icon-48x480d00.png]
[abdullahbozdag.com/manifest.webmanifest]
[abdullahbozdag.com/icons/icon-72x720d00.png]
[abdullahbozdag.com/icons/icon-96x960d00.png]
[abdullahbozdag.com/icons/icon-144x1440d00.png]
[abdullahbozdag.com/icons/icon-192x1920d00.png]
[abdullahbozdag.com/icons/icon-256x2560d00.png]
[abdullahbozdag.com/icons/icon-384x3840d00.png]
[abdullahbozdag.com/icons/icon-512x5120d00.png]
[abdullahbozdag.com/webpack-runtime-b9f7c757ff29223b4570.js]
[abdullahbozdag.com/framework-0afaf2a016480c0b17cb.js]
[abdullahbozdag.com/app-96e344270c216b6993d6.js]
[abdullahbozdag.com/component---src-pages-index-js-5c43677296f312eb34a6.js]
[abdullahbozdag.com/page-data/index/page-data.json]
[abdullahbozdag.com/page-data/app-data.json]
[abdullahbozdag.com/blog/index.html]
[abdullahbozdag.com/projelerim/index.html]
[abdullahbozdag.com/cdn-cgi/l/email-protection.html]
[abdullahbozdag.com/cdn-cgi/scripts/5c5dd728/cloudflare-static/email-decode.min.js]
[abdullahbozdag.com/hakkimda/index.html]
[www.google-analytics.com/analytics.js]
[abdullahbozdag.com/polyfill-4e4128c817a2dbbb1be6.js]
[abdullahbozdag.com/index.html]
[cdn.materialdesignicons.com/3.0.39/css/materialdesignicons.min.css]
[ajax.cloudflare.com/cdn-cgi/scripts/7d0fa10a/cloudflare-static/rocket-loader.min.js]
[abdullahbozdag.com/component---src-pages-blog-js-67141383eb667ed84aa3.js]
[abdullahbozdag.com/page-data/blog/page-data.json]
[abdullahbozdag.com/blog/index.html]
[abdullahbozdag.com/static/favicon-49c29f3c29277bd0ef8e2e48cf4a3fcb.png]
[abdullahbozdag.com/component---src-pages-projelerim-js-28283cb5b8c27b2f5880.js]
[abdullahbozdag.com/page-data/projelerim/page-data.json]
[abdullahbozdag.com/projelerim/index.html]
[abdullahbozdag.com/component---src-pages-hakkimda-js-2af92b045345ac821b59.js]
[abdullahbozdag.com/page-data/hakkimda/page-data.json]
[abdullahbozdag.com/hakkimda/index.html]
[abdullahbozdag.com/cdn-cgi/l/email-protection.html]
[abdullahbozdag.com/static/my_working_environment-0e6037cdf9f61739eccfa531b55ef64a.jpg]
